  Determining projects to restore...
C:\Users\Marcus\source\repos\ClientManager\ClientManager.DataAccess\ClientManager.DataAccess.csproj : warning NU1903: Package 'Snappier' 1.0.0 has a known high severity vulnerability, https://github.com/advisories/GHSA-pggp-6c3x-2xmx [C:\Users\Marcus\source\repos\ClientManager\ClientManager.DataAccess.Tests\ClientManager.DataAccess.Tests.csproj]
C:\Users\Marcus\source\repos\ClientManager\ClientManager.DataAccess.Tests\ClientManager.DataAccess.Tests.csproj : warning NU1903: Package 'Snappier' 1.0.0 has a known high severity vulnerability, https://github.com/advisories/GHSA-pggp-6c3x-2xmx
  All projects are up-to-date for restore.
